julia : ERROR: SystemError: opening file 
"C:\\Users\\Divyank Sharma\\OneDrive\\Deskto
p\\thesis\\JosephsonLoops\\reproduce_issue.j
l": No such file or directory
At line:1 char:1
+ julia reproduce_issue.jl > 
test_output.txt 2>&1
+ ~~~~~~~~~~~~~~~~~~~~~~~~~~~~~~~~~~~~~~~~~~
~~~~~
    + CategoryInfo          : NotSpecified: 
    (ERROR: SystemEr...le or directory:Str  
  ing) [], RemoteException
    + FullyQualifiedErrorId : NativeCommand 
   Error
 
Stacktrace:
 [1] include(mod::Module, _path::String)
   @ Base .\Base.jl:306
 [2] exec_options(opts::Base.JLOptions)
   @ Base .\client.jl:317
 [3] _start()
   @ Base .\client.jl:550
